// Jest Snapshot v1, https://goo.gl/fbAQLP

exports[`Layout should render placeholder header text 1`] = `
<em>
  Template header
</em>
`;
