// Jest Snapshot v1, https://goo.gl/fbAQLP

exports[`Index should render the heading 1`] = `
<h1
  class="title"
>
  Welcome to your 
  <a
    href="https://github.com/navapbc/template-application-nextjs"
  >
    Next.js Template!
  </a>
</h1>
`;
